// Jest Snapshot v1, https://goo.gl/fbAQLP

exports[`Blur does render 1`] = `
<div
  className="row"
>
  <div
    className="col-md-6"
  >
    <div
      className="rka-form-group"
    >
      <label
        className="rka-label"
        htmlFor={null}
      >
        Blur Sigma
      </label>
      <div
        className="rka-input-range-container clearfix"
      >
        <input
          className="rka-input-range"
          disabled={true}
          max={100}
          min={0}
          name="sigma"
          onBlur={[Function]}
          onChange={[Function]}
          type="range"
          value={10}
        />
        <p>
          <span
            className="rka-input-range-min"
          >
            0
          </span>
          <span
            className="rka-input-range-current txt-bold is-disabled"
          >
            10
          </span>
          <span
            className="rka-input-range-max"
          >
            100
          </span>
        </p>
      </div>
    </div>
  </div>
</div>
`;
