// Jest Snapshot v1, https://goo.gl/fbAQLP

exports[`Dropshadow does render 1`] = `
<div
  className="row"
>
  <div
    className="col-md-4"
  >
    <div
      className="rka-form-group"
    >
      <label
        className="rka-label"
      >
        Horizontal
      </label>
      <div
        className="rka-input-range-container clearfix"
      >
        <input
          className="rka-input-range"
          disabled={true}
          max={100}
          min={-100}
          name="horizontal"
          onBlur={[Function]}
          onChange={[Function]}
          type="range"
          value={10}
        />
        <p>
          <span
            className="rka-input-range-min"
          >
            -100
          </span>
          <span
            className="rka-input-range-current txt-bold is-disabled"
          >
            10
          </span>
          <span
            className="rka-input-range-max"
          >
            100
          </span>
        </p>
      </div>
    </div>
  </div>
  <div
    className="col-md-4"
  >
    <div
      className="rka-form-group"
    >
      <label
        className="rka-label"
      >
        Vertical
      </label>
      <div
        className="rka-input-range-container clearfix"
      >
        <input
          className="rka-input-range"
          disabled={true}
          max={100}
          min={-100}
          name="vertical"
          onBlur={[Function]}
          onChange={[Function]}
          type="range"
          value={10}
        />
        <p>
          <span
            className="rka-input-range-min"
          >
            -100
          </span>
          <span
            className="rka-input-range-current txt-bold is-disabled"
          >
            10
          </span>
          <span
            className="rka-input-range-max"
          >
            100
          </span>
        </p>
      </div>
    </div>
  </div>
  <div
    className="col-md-4"
  >
    <div
      className="rka-form-group"
    >
      <label
        className="rka-label"
      >
        Opacity
      </label>
      <div
        className="rka-input-range-container clearfix"
      >
        <input
          className="rka-input-range"
          disabled={true}
          max={100}
          min={0}
          name="opacity"
          onBlur={[Function]}
          onChange={[Function]}
          type="range"
          value={100}
        />
        <p>
          <span
            className="rka-input-range-min"
          >
            0
          </span>
          <span
            className="rka-input-range-current txt-bold is-disabled"
          >
            100
          </span>
          <span
            className="rka-input-range-max"
          >
            100
          </span>
        </p>
      </div>
    </div>
  </div>
  <div
    className="col-md-4"
  >
    <div
      className="rka-form-group"
    >
      <label
        className="rka-label"
      >
        Color
      </label>
      <div
        className="rka-form-group"
      >
        <input
          className="rka-input-txt"
          disabled={true}
          name="color"
          onClick={[Function]}
          placeholder="color (default: 000000)"
          readOnly={true}
          type="text"
          value=""
        />
      </div>
    </div>
  </div>
  <div
    className="col-md-4"
  >
    <div
      className="rka-form-group"
    >
      <label
        className="rka-label"
      >
        Blur radius
      </label>
      <div
        className="rka-input-range-container clearfix"
      >
        <input
          className="rka-input-range"
          disabled={true}
          max={100}
          min={0}
          name="blur_radius"
          onBlur={[Function]}
          onChange={[Function]}
          type="range"
          value={2}
        />
        <p>
          <span
            className="rka-input-range-min"
          >
            0
          </span>
          <span
            className="rka-input-range-current txt-bold is-disabled"
          >
            2
          </span>
          <span
            className="rka-input-range-max"
          >
            100
          </span>
        </p>
      </div>
    </div>
  </div>
  <div
    className="col-md-4"
  >
    <div
      className="rka-form-group"
    >
      <label
        className="rka-label"
      >
        Sigma
      </label>
      <div
        className="rka-input-range-container clearfix"
      >
        <input
          className="rka-input-range"
          disabled={true}
          max={100}
          min={0}
          name="sigma"
          onBlur={[Function]}
          onChange={[Function]}
          type="range"
          value={0.5}
        />
        <p>
          <span
            className="rka-input-range-min"
          >
            0
          </span>
          <span
            className="rka-input-range-current txt-bold is-disabled"
          >
            0.5
          </span>
          <span
            className="rka-input-range-max"
          >
            100
          </span>
        </p>
      </div>
    </div>
  </div>
</div>
`;
