// Jest Snapshot v1, https://goo.gl/fbAQLP

exports[`Resize does render 1`] = `
<div>
  <div
    className="row"
  >
    <div
      className="col-md-4"
    >
      <div
        className="rka-form-group"
      >
        <label
          className="rka-label"
          htmlFor={null}
        >
          Width
        </label>
        <input
          className="rka-input-txt"
          disabled={true}
          name="width"
          placeholder="width"
          type="text"
          value={1000}
        />
      </div>
    </div>
    <div
      className="col-md-4"
    >
      <div
        className="rka-form-group"
      >
        <label
          className="rka-label"
          htmlFor={null}
        >
          Height
        </label>
        <input
          className="rka-input-txt"
          disabled={true}
          name="height"
          placeholder="height"
          type="text"
          value={1000}
        />
      </div>
    </div>
    <div
      className="col-md-4"
    >
      <div
        className="rka-form-group"
      >
        <label
          className="rka-label"
          htmlFor={null}
        >
          Upscale
        </label>
        <select
          className="rka-select"
          disabled={true}
          name="upscale"
          placeholder="upscale (default: true)"
          value={true}
        >
          <option>
            upscale (default: true)
          </option>
          <option
            value="true"
          >
            true
          </option>
          <option
            value="false"
          >
            false
          </option>
        </select>
      </div>
    </div>
  </div>
  <div
    className="row"
  >
    <div
      className="col-md-4"
    >
      <div
        className="rka-form-group"
      >
        <label
          className="rka-label"
          htmlFor={null}
        >
          Upscale DPR
        </label>
        <select
          className="rka-select"
          disabled={true}
          name="upscale_dpr"
          placeholder="upscale_dpr (default: true)"
          value={true}
        >
          <option>
            upscale_dpr (default: true)
          </option>
          <option
            value="true"
          >
            true
          </option>
          <option
            value="false"
          >
            false
          </option>
        </select>
      </div>
    </div>
    <div
      className="col-md-4"
    >
      <div
        className="rka-form-group"
      >
        <label
          className="rka-label"
          htmlFor={null}
        >
          Mode
        </label>
        <select
          className="rka-select"
          disabled={true}
          name="mode"
          placeholder="mode (default: box)"
          value="box"
        >
          <option>
            mode (default: box)
          </option>
          <option
            value="box"
          >
            box
          </option>
          <option
            value="absolute"
          >
            absolute
          </option>
          <option
            value="fill"
          >
            fill
          </option>
        </select>
      </div>
    </div>
  </div>
</div>
`;
