// Jest Snapshot v1, https://goo.gl/fbAQLP

exports[`Alpha does render 1`] = `
<div
  className="row"
>
  <div
    className="col-md-6"
  >
    <div
      className="rka-form-group"
    >
      <label
        className="rka-label"
      >
        Alpha mode
      </label>
      <select
        className="rka-select"
        disabled={true}
        name="mode"
        onChange={undefined}
        placeholder="mode (default: mask)"
        value="mask"
      >
        <option>
          mode (default: mask)
        </option>
        <option
          value="mask"
        >
          mask
        </option>
        <option
          value="remove"
        >
          remove
        </option>
        <option
          value="extract"
        >
          extract
        </option>
      </select>
    </div>
  </div>
</div>
`;

exports[`Alpha shows errors 1`] = `
<div
  className="row"
>
  <div
    className="col-md-6"
  >
    <div
      className="rka-form-group"
    >
      <label
        className="rka-label"
      >
        Alpha mode
      </label>
      <select
        className="rka-select"
        disabled={true}
        name="mode"
        onChange={undefined}
        placeholder="mode (default: mask)"
        value="mask"
      >
        <option>
          mode (default: mask)
        </option>
        <option
          value="mask"
        >
          mask
        </option>
        <option
          value="remove"
        >
          remove
        </option>
        <option
          value="extract"
        >
          extract
        </option>
      </select>
    </div>
  </div>
</div>
`;
